Name:   ctb1

Params

 NAME   VALUE
 key1   value1
 key2   value2
 key3   value3
 key4   value4
