Name:   ctb1

Params

 NAME   VALUE
 key    value
