Name:        el1
Namespace:   ns
 
EventListenerTriggers

 BINDING NAME   KIND                    APIVERSION
 tb1            ClusterTriggerBinding   v1alpha1

 TEMPLATE NAME   APIVERSION
 tt1             v1alpha1
 
