Name:        el1
Namespace:   ns

 No EventListenerTriggers
