Name:        el1
Namespace:   ns
 
EventListenerTriggers

 BINDINGS

  REF   KIND                    APIVERSION
  tb1   TriggerBinding          
  tb2   ClusterTriggerBinding   v1alpha1
  tb3   TriggerBinding          v1alpha1
 
 TEMPLATE NAME   APIVERSION
 tt1             v1alpha1
 
EventListenerTriggers

 BINDINGS

  SPEC
  Params
    key11   value11
    key21   value21
    key22   value22
 
 TEMPLATE NAME   APIVERSION
 tt3             v1alpha1
 
EventListenerTriggers

 BINDINGS

  REF   KIND                    APIVERSION
  tb1   TriggerBinding          
  tb2   ClusterTriggerBinding   v1alpha1
  tb3   TriggerBinding          v1alpha1
 
 TEMPLATE NAME   APIVERSION
 tt2             v1alpha1
 
 SERVICE ACCOUNT NAME   NAMESPACE
 ns1                    sa1
 
