Name:        el1
Namespace:   ns
 
EventListenerTriggers

 TEMPLATE NAME   APIVERSION
 tt1             v1alpha1
 
