Name:        tt1
Namespace:   ns

Params

 NAME   TYPE     DESCRIPTION              DEFAULT VALUE
 foo    string   foo required in res...   bar

ResourceTemplates

