Name:        tt1
Namespace:   ns

Params

 NAME   TYPE     DESCRIPTION           DEFAULT VALUE
 key    string   test with one param   value

ResourceTemplates

[
    {
        "kind": "PipelineRun",
        "apiVersion": "tekton.dev/v1alpha1",
        "metadata": {
            "creationTimestamp": null
        },
        "spec": {},
        "status": {}
    }
]
