failed to get task bar
Error: triggertemplates.triggers.tekton.dev "bar" not found
