Name:        tt1
Namespace:   ns

Params

 No params

ResourceTemplates

 NAME   GENERATENAME   KIND          APIVERSION
 ---    ex2            PipelineRun   tekton.dev/v1alpha1
