Name:        pipeline-run
Namespace:   ns
Labels:
 tekton.dev/pipeline=pipeline

Status

STARTED   DURATION   STATUS
---       ---        ---

Resources

 No resources

Params

 No params

Taskruns

 No taskruns
