Name:        tb1
Namespace:   ns

Params

 NAME   VALUE
 key    value
