Name:        tb1
Namespace:   ns

Params

 No params
