apiVersion: triggers.tekton.dev
kind: TriggerBinding
metadata:
  creationTimestamp: null
  name: tb1
  namespace: ns
spec:
  params:
  - name: key
    value: value
status: {}
